<?xml version="1.0" encoding="UTF-8"?>
<testsuites name="Mocha Tests" time="5.6710" tests="16" failures="0" skipped="6">
  <testsuite name="Root Suite" timestamp="2022-10-07T18:47:44" tests="0" time="0.0000" failures="0">
  </testsuite>
  <testsuite name="User Posts" timestamp="2022-10-07T18:47:44" tests="2" file="/Users/Tiger/Desktop/testing practise/api/test/posts.js" time="0.0000" failures="0">
    <testcase name="User Posts /posts" time="0.5080" classname="/posts">
    </testcase>
    <testcase name="User Posts GET/ posts/ :id" time="0.4080" classname="GET/ posts/ :id">
    </testcase>
  </testsuite>
  <testsuite name="Negative test" timestamp="2022-10-07T18:47:45" tests="2" file="/Users/Tiger/Desktop/testing practise/api/test/posts.js" time="0.6130" failures="0">
    <testcase name="User Posts Negative test 401 Authentication Failed" time="0.2600" classname="401 Authentication Failed">
    </testcase>
    <testcase name="User Posts Negative test 422 Validation Failed" time="0.3520" classname="422 Validation Failed">
    </testcase>
  </testsuite>
  <testsuite name="Users" timestamp="2022-10-07T18:47:46" tests="0" file="/Users/Tiger/Desktop/testing practise/api/test/users-advanced.js" time="0.0000" failures="0">
  </testsuite>
  <testsuite name="POST" timestamp="2022-10-07T18:47:46" tests="1" file="/Users/Tiger/Desktop/testing practise/api/test/users-advanced.js" time="0.4130" failures="0">
    <testcase name="Users POST /users" time="0.4130" classname="/users">
    </testcase>
  </testsuite>
  <testsuite name="GET" timestamp="2022-10-07T18:47:46" tests="3" file="/Users/Tiger/Desktop/testing practise/api/test/users-advanced.js" time="1.4370" failures="0">
    <testcase name="Users GET /users" time="0.7180" classname="/users">
    </testcase>
    <testcase name="Users GET /users/:id" time="0.3570" classname="/users/:id">
    </testcase>
    <testcase name="Users GET /users with query params" time="0.3600" classname="/users with query params">
    </testcase>
  </testsuite>
  <testsuite name="PUT" timestamp="2022-10-07T18:47:48" tests="1" file="/Users/Tiger/Desktop/testing practise/api/test/users-advanced.js" time="0.4080" failures="0">
    <testcase name="Users PUT /users/ :id" time="0.4080" classname="/users/ :id">
    </testcase>
  </testsuite>
  <testsuite name="DELETE" timestamp="2022-10-07T18:47:48" tests="1" file="/Users/Tiger/Desktop/testing practise/api/test/users-advanced.js" time="1.1270" failures="0">
    <testcase name="Users DELETE /users/ :id" time="1.1260" classname="/users/ :id">
    </testcase>
  </testsuite>
  <testsuite name="Users" timestamp="2022-10-07T18:47:49" tests="6" file="/Users/Tiger/Desktop/testing practise/api/test/users.js" time="0.0010" failures="0">
  </testsuite>
</testsuites>